0 verbose cli /usr/bin/node /usr/bin/npm
1 info using npm@11.19.0
2 info using node@v24.21.0
3 silly config load:file:/usr/lib/node_modules/npm/npmrc
4 silly config load:file:/home/ec2-user/.npmrc
5 silly config load:file:/usr/etc/npmrc
6 verbose title npm run dev
7 verbose argv "run" "dev"
8 verbose logfile logs-max:10 dir:/home/ec2-user/.npm/_logs/2026-09-22T02_26_28_614Z-
9 verbose logfile /home/ec2-user/.npm/_logs/2026-09-22T02_26_28_614Z-debug-0.log
10 silly logfile start cleaning logs, removing 1 files
11 verbose stack Error: Could not read package.json: Error: ENOENT: no such file or directory, open '/home/ec2-user/package.json'
11 verbose stack     at async open (node:internal/fs/promises:1345:25)
11 verbose stack     at async readFile (node:internal/fs/promises:1996:14)
11 verbose stack     at async read (/usr/lib/node_modules/npm/node_modules/@npmcli/package-json/lib/read-package.js:9:18)
11 verbose stack     at async PackageJson.load (/usr/lib/node_modules/npm/node_modules/@npmcli/package-json/lib/index.js:131:31)
11 verbose stack     at async PackageJson.normalize (/usr/lib/node_modules/npm/node_modules/@npmcli/package-json/lib/index.js:117:5)
11 verbose stack     at async #run (/usr/lib/node_modules/npm/lib/commands/run.js:90:13)
11 verbose stack     at async RunScript.exec (/usr/lib/node_modules/npm/lib/commands/run.js:44:7)
11 verbose stack     at async Npm.exec (/usr/lib/node_modules/npm/lib/npm.js:193:9)
11 verbose stack     at async module.exports (/usr/lib/node_modules/npm/lib/cli/entry.js:67:5)
12 error code ENOENT
13 error syscall open
14 error path /home/ec2-user/package.json
15 error errno -2
16 error enoent Could not read package.json: Error: ENOENT: no such file or directory, open '/home/ec2-user/package.json'
17 error enoent This is related to npm not being able to find a file.
17 error enoent
18 verbose cwd /home/ec2-user
19 verbose os Linux 6.18.44-99.149.amzn2023.x86_64
20 verbose node v24.21.0
21 verbose npm  v11.19.0
22 verbose exit -2
23 verbose code -2
24 error A complete log of this run can be found in: /home/ec2-user/.npm/_logs/2026-09-22T02_26_28_614Z-debug-0.log
